// Jest Snapshot v1, https://goo.gl/fbAQLP

exports[`Form component description keyword should support markdown 1`] = `"<div id=\\"root_foo__description\\" class=\\"sc-fKFyDc dToKui sc-bBXqnf jWZcsF sc-dFJsGO iBwXKd rendition-form-description\\"><div><p class=\\"sc-fKFyDc dToKui sc-cxFLnm kkkmRH\\">Lorem ipsum <em>dolor</em> sit amet</p></div></div>"`;

exports[`Form component should match the stored snapshot 1`] = `
.c13 {
  display: inline-block;
  box-sizing: border-box;
  cursor: pointer;
  font: inherit;
  -webkit-text-decoration: none;
  text-decoration: none;
  margin: 0;
  background: transparent;
  overflow: visible;
  text-transform: none;
  border: 1px solid #00AEEF;
  border-radius: 20px;
  color: #444444;
  padding: 4px 30px;
  font-size: 14px;
  line-height: 1.5;
  background-color: #00AEEF;
  color: #444444;
  border-radius: 20px;
  -webkit-transition-property: color,background-color,border-color,box-shadow;
  transition-property: color,background-color,border-color,box-shadow;
  -webkit-transition-duration: 0.1s;
  transition-duration: 0.1s;
  -webkit-transition-timing-function: ease-in-out;
  transition-timing-function: ease-in-out;
}

.c13:hover {
  box-shadow: 0px 0px 0px 2px #00AEEF;
}

.c13:focus {
  outline: none;
  box-shadow: 0 0 2px 2px #00AEEF;
}

.c13:focus > circle,
.c13:focus > ellipse,
.c13:focus > line,
.c13:focus > path,
.c13:focus > polygon,
.c13:focus > polyline,
.c13:focus > rect {
  outline: none;
  box-shadow: 0 0 2px 2px #00AEEF;
}

.c13:focus::-moz-focus-inner {
  border: 0;
}

.c10 {
  box-sizing: border-box;
  font-size: inherit;
  font-family: inherit;
  border: none;
  -webkit-appearance: none;
  background: transparent;
  color: inherit;
  width: 100%;
  padding: 11px;
  font-weight: 400;
  margin: 0;
  border: 1px solid #DDE1f0;
  border-radius: 4px;
}

.c10::-webkit-input-placeholder {
  color: #abb9c5;
}

.c10::-moz-placeholder {
  color: #abb9c5;
}

.c10:-ms-input-placeholder {
  color: #abb9c5;
}

.c10::-webkit-search-decoration {
  -webkit-appearance: none;
}

.c10::-moz-focus-inner {
  border: none;
  outline: none;
}

.c10:-moz-placeholder,
.c10::-moz-placeholder {
  opacity: 1;
}

.c9 {
  position: relative;
  width: 100%;
}

.c0 {
  font-family: 'Source Sans Pro',Helvetica,sans-serif;
  font-size: 14px;
  line-height: 1.5;
  box-sizing: border-box;
  -webkit-text-size-adjust: 100%;
  -ms-text-size-adjust: 100%;
  -moz-osx-font-smoothing: grayscale;
  -webkit-font-smoothing: antialiased;
}

.c2 {
  box-sizing: border-box;
}

.c6 {
  box-sizing: border-box;
  -webkit-flex: 1;
  -ms-flex: 1;
  flex: 1;
}

.c4 {
  margin-bottom: 8px;
}

.c7 {
  margin-right: 8px;
}

.c14 {
  font-weight: 600;
  font-size: 14px;
  height: 38px;
  white-space: nowrap;
  display: -webkit-inline-box;
  display: -webkit-inline-flex;
  display: -ms-inline-flexbox;
  display: inline-flex;
  -webkit-align-items: center;
  -webkit-box-align: center;
  -ms-flex-align: center;
  align-items: center;
  -webkit-box-pack: center;
  -webkit-justify-content: center;
  -ms-flex-pack: center;
  justify-content: center;
}

.c14 svg {
  color: inherit !important;
  font-size: 0.925em;
}

.c14:disabled {
  cursor: not-allowed;
}

.c15 {
  color: white;
}

.c15:hover:enabled,
.c15:focus:enabled,
.c15:active:enabled {
  box-shadow: none;
  background: hsl(196.29999999999995,100%,37.5%);
  border-color: hsl(196.29999999999995,100%,37.5%);
  color: white;
  opacity: initial;
}

.c15:hover:enabled svg,
.c15:focus:enabled svg,
.c15:active:enabled svg {
  color: white !important;
}

.c5 {
  display: -webkit-box;
  display: -webkit-flex;
  display: -ms-flexbox;
  display: flex;
  -webkit-flex-wrap: nowrap;
  -ms-flex-wrap: nowrap;
  flex-wrap: nowrap;
  -webkit-flex-direction: column;
  -ms-flex-direction: column;
  flex-direction: column;
}

.c11 {
  height: 38px;
  padding: 10px;
  padding-left: 20px;
  color: #2A506F;
  cursor: auto;
}

.c11:focus {
  border-color: #527699;
}

.c12 {
  width: 100%;
}

.c8 {
  display: inline-block;
  font-size: 12px;
  margin-bottom: 4px;
  color: #2A506F;
}

.c3 section {
  margin: 0;
  padding: 0;
  border: 0;
}

.c3 label {
  font-size: 12px;
}

.c3 input {
  font-size: 14px;
}

.c3 .panel-danger,
.c3 .error-detail {
  font-size: 12px;
  margin-top: 4px;
  margin-bottom: 4px;
  list-style-type: none;
  padding-left: 0;
}

.c3 .text-danger {
  color: #FF423D;
}

.c1 {
  font-family: 'Source Sans Pro',Helvetica,sans-serif;
  font-size: 14px;
  color: #2A506F;
}

<div
  className="c0 c1"
>
  <div
    className="c2 c3"
  >
    <form
      className="rjsf"
      noValidate={false}
      onSubmit={[Function]}
    >
      <div
        className="c2 c4 form-group field field-object rendition-form__field--root"
      >
        <section>
          <div
            className="c2 c5"
          >
            <div
              className="c6 c7"
            >
              <div
                className="c2 c4 form-group field field-string rendition-form__field--root_Name"
              >
                <label
                  className="c8 control-label"
                  htmlFor="root_Name"
                >
                  Pokemon Name
                </label>
                <div
                  className="c9"
                >
                  
                  <input
                    autoFocus={false}
                    className="c10 c11 c12"
                    disabled={false}
                    id="root_Name"
                    label="Pokemon Name"
                    onBlur={[Function]}
                    onChange={[Function]}
                    onFocus={[Function]}
                    onKeyDown={[Function]}
                    placeholder=""
                    readOnly={false}
                    required={false}
                    type="text"
                    value="Bulbasaur"
                  />
                </div>
              </div>
            </div>
          </div>
        </section>
      </div>
      <button
        className="c13 c14 c15 "
        onBlur={[Function]}
        onFocus={[Function]}
        onMouseOut={[Function]}
        onMouseOver={[Function]}
        type="submit"
      >
        Submit
      </button>
    </form>
  </div>
</div>
`;

exports[`Form component ui:help keyword should support markdown 1`] = `"<div class=\\"sc-fKFyDc dToKui sc-bBXqnf jhEXsA sc-dFJsGO iBwXKd rendition-form-help\\"><div><p class=\\"sc-fKFyDc dToKui sc-cxFLnm eyKWrE\\">Lorem ipsum <em>dolor</em> sit amet</p></div></div>"`;
